<!DOCTYPE html>
<html>
<head>
    <meta charset="utf-8" />
</head>
<body>
<div class="section">
    <h1 id="datetimetype-field">
        <a class="headerlink" href="#datetimetype-field" title="Permalink to this headline">DateTimeType Field</a>
    </h1>
    <p>This field type allows the user to modify data that represents a specific
date and time (e.g. <code translate="no" class="notranslate">1984-06-05 12:15:30</code>).</p>
    <div class="table-wrapper">
        <table>
            <tbody>
            <tr>
                <td>Underlying Data Type</td>
                <td>can be <code translate="no" class="notranslate">DateTime</code>, string, timestamp, or array (see the <code translate="no" class="notranslate">input</code> option)</td>
            </tr>
            <tr>
                <td>Rendered as</td>
                <td>single text box or three select fields</td>
            </tr>
            <tr>
                <td>Options</td>
                <td>
                    <ul>
                        <li><a href="datetime.html#the-date-format-option" class="reference internal">The date_format Option</a></li>
                        <li><a href="datetime.html#date-widget" class="reference internal">date_widget</a></li>
                        <li><a href="datetime.html#placeholder" class="reference internal">placeholder</a></li>
                        <li><a href="datetime.html#format" class="reference internal">format</a></li>
                    </ul>
                </td>
            </tr>
            <tr>
                <td>Overridden options</td>
                <td>
                    <ul>
                        <li><a href="datetime.html#by-reference" class="reference internal">by_reference</a></li>
                        <li><a href="datetime.html#error-bubbling" class="reference internal">error_bubbling</a></li>
                    </ul>
                </td>
            </tr>
            <tr>
                <td>Parent type</td>
                <td><a href="form/form_type.html" class="reference internal">FormType</a></td>
            </tr>
            <tr>
                <td>Class</td>
                <td><a href="https://github.com/symfony/symfony/blob/4.0/src/Symfony/Component/Form/Extension/Core/Type/DateTimeType.php" class="reference external" title="Symfony\Component\Form\Extension\Core\Type\DateTimeType" rel="external noopener noreferrer" target="_blank">DateTimeType</a></td>
            </tr>
            <tr>
                <td>Ref</td>
                <td><a href="index.html#reference-forms-type-date-format" class="reference internal">A header</a>
<a href="form/form_type.html#internal-reference" class="reference internal">Test reference</a></td>
            </tr>
            </tbody>
        </table>
    </div>
    <div class="section">
        <h2 id="field-options">
            <a class="headerlink" href="#field-options" title="Permalink to this headline">Field Options</a>
        </h2>
        <div class="section">
            <h3 id="the-date-format-option">
                <a class="headerlink" href="#the-date-format-option" title="Permalink to this headline">The date_format Option</a>
            </h3>
            <p><strong>type</strong>: <code translate="no" class="notranslate">integer</code> or <code translate="no" class="notranslate">string</code> <strong>default</strong>: <code translate="no" class="notranslate">IntlDateFormatter::MEDIUM</code></p>
            <p>Defines the <code translate="no" class="notranslate">format</code> option that will be passed down to the date field.
for more details.</p>
            <div class="admonition admonition-tip ">
                <p class="admonition-title">
                    <svg xmlns="http://www.w3.org/2000/svg" fill="none" width="24" height="24" viewBox="0 0 24 24" stroke="currentColor">
                        <path stroke-linecap="round" stroke-linejoin="round" stroke-width="2" d="M9.663 17h4.673M12 3v1m6.364 1.636l-.707.707M21 12h-1M4 12H3m3.343-5.657l-.707-.707m2.828 9.9a5 5 0 117.072 0l-.548.547A3.374 3.374 0 0014 18.469V19a2 2 0 11-4 0v-.531c0-.895-.356-1.754-.988-2.386l-.548-.547z" />
                    </svg>
                    <span>Tip</span>
                </p>
                <p>This is a little tip about something! We an also talk about specific
methods: <a href="https://github.com/symfony/symfony/blob/4.0/src/Symfony/Component/BrowserKit/Client.php#method_doRequest" class="reference external" title="Symfony\Component\BrowserKit\Client::doRequest()" rel="external noopener noreferrer" target="_blank">doRequest()</a>.
Or a namespace: <a href="https://github.com/symfony/symfony/blob/4.0/src/Symfony/Component/Validator/Constraints" class="reference external" title="Symfony\Component\Validator\Constraints" rel="external noopener noreferrer" target="_blank">Constraints</a>.
Or a PHP function: <a href="https://secure.php.net/manual/en/function.parse-ini-file.php" class="reference external" title="parse_ini_file()" rel="external noopener noreferrer" target="_blank">parse_ini_file()</a>.
Or a PHP method! <a href="https://secure.php.net/manual/en/locale.getdefault.php" class="reference external" title="Locale::getDefault()" rel="external noopener noreferrer" target="_blank">Locale::getDefault()</a>.</p>
            </div>
        </div>
        <div class="section">
            <h3 id="date-widget">
                <a class="headerlink" href="#date-widget" title="Permalink to this headline">date_widget</a>
            </h3>
            <p>Date widget!</p>
            <div class="admonition admonition-note ">
                <p class="admonition-title">
                    <svg xmlns="http://www.w3.org/2000/svg" fill="none" width="24" height="24" viewBox="0 0 24 24" stroke="currentColor">
                        <path stroke-linecap="round" stroke-linejoin="round" stroke-width="2" d="M11 5H6a2 2 0 00-2 2v11a2 2 0 002 2h11a2 2 0 002-2v-5m-1.414-9.414a2 2 0 112.828 2.828L11.828 15H9v-2.828l8.586-8.586z" />
                    </svg>
                    <span>Note</span>
                </p>
                <p>Sometimes we add notes. But not too often because they interrupt the flow.
<a href="form/form_type.html#internal-reference" class="reference internal">FormType Documentation</a></p>
            </div>
            <p>This is included documentation about the <code translate="no" class="notranslate">date_widget</code> option.</p>
        </div>
        <div class="section">
            <h3 id="placeholder">
                <a class="headerlink" href="#placeholder" title="Permalink to this headline">placeholder</a>
            </h3>
            <div class="admonition admonition-versionadded ">
                <p class="admonition-title">
                    <span>2.6</span>
                </p>
                <p>The <code translate="no" class="notranslate">placeholder</code> option was introduced in Symfony 2.6 and replaces
<code translate="no" class="notranslate">empty_value</code>, which is available prior to 2.6.
<a href="form/form_type.html#internal-reference" class="reference internal">FormType Documentation</a></p>
            </div>
            <p><strong>type</strong>: <code translate="no" class="notranslate">string</code> | <code translate="no" class="notranslate">array</code></p>
            <p>If your widget option is set to <code translate="no" class="notranslate">choice</code>, then this field will be represented
as a series of <code translate="no" class="notranslate">select</code> boxes. When the placeholder value is a string,
it will be used as the <strong>blank value</strong> of all select boxes:</p>
            <div translate="no" data-loc="5" class="notranslate codeblock codeblock-length-sm codeblock-php">
                <div class="codeblock-scroll">
                                    <pre class="codeblock-lines">1
2
3
4
5</pre>
                    <pre class="codeblock-code">
                                        <code>
                                            <span class="hljs-keyword">use</span>
                                            <span class="hljs-title">Symfony</span>
                                            \
                                            <span class="hljs-title">Component</span>
                                            \
                                            <span class="hljs-title">Form</span>
                                            \
                                            <span class="hljs-title">Extension</span>
                                            \
                                            <span class="hljs-title">Core</span>
                                            \
                                            <span class="hljs-title">Type</span>
                                            \
                                            <span class="hljs-title">DateTimeType</span>
                                            ;
                                            <span class="hljs-variable">
                                                <span class="hljs-variable-other-marker">$</span>
                                                builder
                                            </span>
                                            <span class="hljs-operator">-&gt;</span>
                                            add(
                                            <span class="hljs-string">'startDateTime'</span>
                                            , DateTimeType
                                            <span class="hljs-operator">::</span>
                                            class,
                                            <span class="hljs-keyword">array</span>
                                            (
                                            <span class="hljs-string">'placeholder'</span>
                                            =&gt;
                                            <span class="hljs-string">'Select a value'</span>
                                            ,
));
                                        </code>
                                    </pre>
                </div>
            </div>
            <div class="admonition admonition-seealso ">
                <p class="admonition-title">
                    <svg xmlns="http://www.w3.org/2000/svg" fill="none" width="24" height="24" viewBox="0 0 24 24" stroke="currentColor">
                        <path stroke-linecap="round" stroke-linejoin="round" stroke-width="2" d="M13.828 10.172a4 4 0 00-5.656 0l-4 4a4 4 0 105.656 5.656l1.102-1.101m-.758-4.899a4 4 0 005.656 0l4-4a4 4 0 00-5.656-5.656l-1.1 1.1" />
                    </svg>
                    <span>See also</span>
                </p>
                <p>Also check out the homepage - <a href="index.html" class="reference internal">Some Test Docs!</a>.
<a href="form/form_type.html#internal-reference" class="reference internal">FormType Documentation</a></p>
            </div>
            <p>Custom classes for links are also cool:</p>
            <ul class="list-config-options">
                <li><code translate="no" class="notranslate">excluded_ajax_paths</code></li>
                <li><code translate="no" class="notranslate">intercept_redirects</code></li>
                <li><code translate="no" class="notranslate">position</code></li>
                <li><code translate="no" class="notranslate">toolbar</code></li>
                <li><code translate="no" class="notranslate">verbose</code></li>
                <li><a href="form/form_type.html#internal-reference" class="reference internal">FormType Documentation</a></li>
            </ul>
        </div>
        <div class="section">
            <h3 id="format">
                <a class="headerlink" href="#format" title="Permalink to this headline">format</a>
            </h3>
            <p>
                <strong>type</strong>: <code translate="no" class="notranslate">string</code> <strong>default</strong>:
                <code translate="no" class="notranslate">
                    Symfony
                    <wbr>
                    \Component
                    <wbr>
                    \Form
                    <wbr>
                    \Extension
                    <wbr>
                    \Core
                    <wbr>
                    \Type
                    <wbr>
                    \DateTimeType::HTML5_FORMAT
                </code>
            </p>
            <p>If the <code translate="no" class="notranslate">widget</code> option is set to <code translate="no" class="notranslate">single_text</code>, this option specifies
the format of the input, i.e. how Symfony will interpret the given input
as a datetime string. See <a href="http://userguide.icu-project.org/formatparse/datetime#TOC-Date-Time-Format-Syntax" class="reference external" rel="external noopener noreferrer" target="_blank">Date/Time Format Syntax</a>.</p>
            <div class="admonition-wrapper">
                <div class="admonition admonition-sidebar">
                    <p class="sidebar-title">
                        <span>Everyone loves sidebars</span>
                    </p>
                    <p>But do they really? They also get in the way!</p>
                </div>
            </div>
            <div class="admonition admonition-caution ">
                <p class="admonition-title">
                    <svg xmlns="http://www.w3.org/2000/svg" fill="none" width="24" height="24" viewBox="0 0 24 24" stroke="currentColor">
                        <path stroke-linecap="round" stroke-linejoin="round" stroke-width="2" d="M12 8v4m0 4h.01M21 12a9 9 0 11-18 0 9 9 0 0118 0z" />
                    </svg>
                    <span>Caution</span>
                </p>
                <p>Using too many sidebars or caution directives can be distracting!</p>
            </div>
            <div class="admonition admonition-best-practice ">
                <p class="admonition-title">
                    <span>Best Practice</span>
                </p>
                <p>Use the bcrypt encoder for hashing your users' passwords.</p>
            </div>
        </div>
        <div class="section">
            <h3 id="time-widget">
                <a class="headerlink" href="#time-widget" title="Permalink to this headline">time_widget</a>
            </h3>
            <p><strong>type</strong>: <code translate="no" class="notranslate">string</code> <strong>default</strong>: <code translate="no" class="notranslate">choice</code></p>
            <p>Defines the <code translate="no" class="notranslate">widget</code> option for the <code translate="no" class="notranslate">TimeType</code>.</p>
        </div>
        <div class="section">
            <h3 id="widget">
                <a class="headerlink" href="#widget" title="Permalink to this headline">widget</a>
            </h3>
            <p><strong>type</strong>: <code translate="no" class="notranslate">string</code> <strong>default</strong>: <code translate="no" class="notranslate">null</code></p>
            <p>Defines the <code translate="no" class="notranslate">widget</code> option for both the <code translate="no" class="notranslate">DateType</code>.
and <code translate="no" class="notranslate">TimeType</code>. This can be overridden
with the <a href="datetime.html#date-widget" class="reference internal">date_widget</a> and <a href="datetime.html#time-widget" class="reference internal">time_widget</a> options.</p>
        </div>
    </div>
    <div class="section">
        <h2 id="overridden-options">
            <a class="headerlink" href="#overridden-options" title="Permalink to this headline">Overridden Options</a>
        </h2>
        <div class="section">
            <h3 id="by-reference">
                <a class="headerlink" href="#by-reference" title="Permalink to this headline">by_reference</a>
            </h3>
            <p><strong>default</strong>: <code translate="no" class="notranslate">false</code></p>
            <p>The <code translate="no" class="notranslate">DateTime</code> classes are treated as immutable objects.</p>
        </div>
        <div class="section">
            <h3 id="error-bubbling">
                <a class="headerlink" href="#error-bubbling" title="Permalink to this headline">error_bubbling</a>
            </h3>
            <p><strong>default</strong>: <code translate="no" class="notranslate">false</code></p>
            <p>We also support code blocks!</p>
            <div translate="no" data-loc="3" class="notranslate codeblock codeblock-length-sm codeblock-yaml">
                <div class="codeblock-scroll">
                                                                    <pre class="codeblock-lines">1
2
3</pre>
                    <pre class="codeblock-code">
                                                                        <code>
                                                                            <span class="hljs-comment"># app/config/parameters.yml</span>
                                                                            <span class="hljs-attr">parameters:</span>
                                                                            <span class="hljs-attr">database_driver:</span>
                                                                            <span class="hljs-string">pdo_mysql</span>
                                                                        </code>
                                                                    </pre>
                </div>
            </div>
            <p>And configuration blocks:</p>
            <div class="configuration-block">
                <div role="tablist" aria-label="Configuration formats" class="configuration-tabs configuration-tabs-length-3">
                    <button role="tab" type="button" data-language="yaml" aria-controls="configuration-block-tabpanel-b7af470b9b11b2d3f3bcdc45fa2a171bb073a5c8" aria-selected="true" data-active="true" >
                        <span>YAML</span>
                    </button>
                    <button role="tab" type="button" data-language="xml" aria-controls="configuration-block-tabpanel-dcfe090f2dd7133c21ac6aec616f6cc0f320d6f2" aria-selected="false" tabindex="-1">
                        <span>XML</span>
                    </button>
                    <button role="tab" type="button" data-language="php" aria-controls="configuration-block-tabpanel-a2a53158d2c08720daf484798f615ebf184160db" aria-selected="false" tabindex="-1">
                        <span>PHP</span>
                    </button>
                </div>
                <div role="tabpanel" id="configuration-block-tabpanel-b7af470b9b11b2d3f3bcdc45fa2a171bb073a5c8" aria-label="YAML" class="configuration-codeblock" data-language="yaml" style="">
                    <div translate="no" data-loc="7" class="notranslate codeblock codeblock-length-sm codeblock-yaml">
                        <div class="codeblock-scroll">
                                                                            <pre class="codeblock-lines">1
2
3
4
5
6
7</pre>
                            <pre class="codeblock-code">
                                                                                <code>
                                                                                    <span class="hljs-comment"># app/config/config.yml</span>
                                                                                    <span class="hljs-attr">framework:</span>
                                                                                    <span class="hljs-attr">secret:</span>
                                                                                    <span class="hljs-string">'%secret%'</span>
                                                                                    <span class="hljs-attr">router:</span>
                                                                                    <span class="hljs-string">{</span>
                                                                                    <span class="hljs-attr">resource:</span>
                                                                                    <span class="hljs-string">'%kernel.root_dir%/config/routing.yml'</span>
                                                                                    <span class="hljs-string">}</span>
                                                                                    <span class="hljs-comment"># ...</span>
                                                                                    <span class="hljs-comment"># ...</span>
                                                                                </code>
                                                                            </pre>
                        </div>
                    </div>
                </div>
                <div role="tabpanel" id="configuration-block-tabpanel-dcfe090f2dd7133c21ac6aec616f6cc0f320d6f2" aria-label="XML" class="configuration-codeblock" data-language="xml" style="display: none">
                    <div translate="no" data-loc="20" class="notranslate codeblock codeblock-length-md codeblock-xml">
                        <div class="codeblock-scroll">
                                                                            <pre class="codeblock-lines">1
2
3
4
5
6
7
8
9
10
11
12
13
14
15
16
17
18
19
20</pre>
                            <pre class="codeblock-code">
                                                                                <code>
                                                                                    <span class="hljs-comment">&lt;!-- app/config/config.xml --&gt;</span>
                                                                                    <span class="hljs-meta">&lt;?xml version="1.0" encoding="UTF-8" ?&gt;</span>
                                                                                    <span class="hljs-tag">
                                                                                        &lt;
                                                                                        <span class="hljs-name">container</span>
                                                                                        <span class="hljs-attr">xmlns</span>
                                                                                        =
                                                                                        <span class="hljs-string">"http://symfony.com/schema/dic/services"</span>
                                                                                        <span class="hljs-attr">xmlns:xsi</span>
                                                                                        =
                                                                                        <span class="hljs-string">"http://www.w3.org/2001/XMLSchema-instance"</span>
                                                                                        <span class="hljs-attr">xmlns:framework</span>
                                                                                        =
                                                                                        <span class="hljs-string">"http://symfony.com/schema/dic/symfony"</span>
                                                                                        <span class="hljs-attr">xmlns:twig</span>
                                                                                        =
                                                                                        <span class="hljs-string">"http://symfony.com/schema/dic/twig"</span>
                                                                                        <span class="hljs-attr">xsi:schemaLocation</span>
                                                                                        =
                                                                                        <span class="hljs-string">"http://symfony.com/schema/dic/services http://symfony.com/schema/dic/services/services-1.0.xsd http://symfony.com/schema/dic/symfony http://symfony.com/schema/dic/symfony/symfony-1.0.xsd http://symfony.com/schema/dic/twig http://symfony.com/schema/dic/twig/twig-1.0.xsd"</span>
                                                                                        &gt;
                                                                                    </span>
                                                                                    <span class="hljs-tag">
                                                                                        &lt;
                                                                                        <span class="hljs-name">framework:config</span>
                                                                                        <span class="hljs-attr">secret</span>
                                                                                        =
                                                                                        <span class="hljs-string">"%secret%"</span>
                                                                                        &gt;
                                                                                    </span>
                                                                                    <span class="hljs-tag">
                                                                                        &lt;
                                                                                        <span class="hljs-name">framework:router</span>
                                                                                        <span class="hljs-attr">resource</span>
                                                                                        =
                                                                                        <span class="hljs-string">"%kernel.root_dir%/config/routing.xml"</span>
                                                                                        /&gt;
                                                                                    </span>
                                                                                    <span class="hljs-comment">&lt;!-- ... --&gt;</span>
                                                                                    <span class="hljs-tag">
                                                                                        &lt;/
                                                                                        <span class="hljs-name">framework:config</span>
                                                                                        &gt;
                                                                                    </span>
                                                                                    <span class="hljs-comment">&lt;!-- ... --&gt;</span>
                                                                                    <span class="hljs-tag">
                                                                                        &lt;/
                                                                                        <span class="hljs-name">container</span>
                                                                                        &gt;
                                                                                    </span>
                                                                                </code>
                                                                            </pre>
                        </div>
                    </div>
                </div>
                <div role="tabpanel" id="configuration-block-tabpanel-a2a53158d2c08720daf484798f615ebf184160db" aria-label="PHP" class="configuration-codeblock" data-language="php" style="display: none">
                    <div translate="no" data-loc="10" class="notranslate codeblock codeblock-length-md codeblock-php">
                        <div class="codeblock-scroll">
                                                                            <pre class="codeblock-lines">1
2
3
4
5
6
7
8
9
10</pre>
                            <pre class="codeblock-code">
                                                                                <code>
                                                                                    <span class="hljs-comment">// app/config/config.php</span>
                                                                                    <span class="hljs-variable">
                                                                                        <span class="hljs-variable-other-marker">$</span>
                                                                                        container
                                                                                    </span>
                                                                                    <span class="hljs-operator">-&gt;</span>
                                                                                    loadFromExtension(
                                                                                    <span class="hljs-string">'framework'</span>
                                                                                    ,
                                                                                    <span class="hljs-keyword">array</span>
                                                                                    (
                                                                                    <span class="hljs-string">'secret'</span>
                                                                                    =&gt;
                                                                                    <span class="hljs-string">'%secret%'</span>
                                                                                    ,
                                                                                    <span class="hljs-string">'router'</span>
                                                                                    =&gt;
                                                                                    <span class="hljs-keyword">array</span>
                                                                                    (
                                                                                    <span class="hljs-string">'resource'</span>
                                                                                    =&gt;
                                                                                    <span class="hljs-string">'%kernel.root_dir%/config/routing.php'</span>
                                                                                    , ),
                                                                                    <span class="hljs-comment">// ...</span>
                                                                                    ));
                                                                                    <span class="hljs-comment">// ...</span>
                                                                                </code>
                                                                            </pre>
                        </div>
                    </div>
                </div>
            </div>
        </div>
    </div>
    <div class="section">
        <h2 id="field-variables">
            <a class="headerlink" href="#field-variables" title="Permalink to this headline">Field Variables</a>
        </h2>
        <div class="table-wrapper">
            <table>
                <thead>
                <tr>
                    <th>Variable</th>
                    <th>Type</th>
                    <th>Usage</th>
                </tr>
                </thead>
                <tbody>
                <tr>
                    <td>widget</td>
                    <td><code translate="no" class="notranslate">mixed</code></td>
                    <td>The value of the <code translate="no" class="notranslate">widget</code> option</td>
                </tr>
                <tr>
                    <td>type</td>
                    <td><code translate="no" class="notranslate">string</code></td>
                    <td>Multiple lines of text here, to show
that off</td>
                </tr>
                </tbody>
            </table>
        </div>
    </div>
    <div class="section">
        <h2 id="url-checker-errors">
            <a class="headerlink" href="#url-checker-errors" title="Permalink to this headline">Url checker errors</a>
        </h2>
        <p>This is a <a href="https://symfony.com/404" class="reference internal">404 error</a>.
And here is an invalid url <a href="http://invalid-url" class="reference external" rel="external noopener noreferrer" target="_blank">invalid-url</a>.</p>
    </div>
</div>
</body>
</html>
