<!DOCTYPE html>
<html>
    <head>
        <meta charset="utf-8" />


    </head>

    <body>
            <div class="section">
<h1 id="some-test-docs"><a class="headerlink" href="#some-test-docs" title="Permalink to this headline">Some Test Docs!</a></h1>
<img src="_images/symfony-logo.png" />
<div class="toctree-wrapper toc-size-md"><ul class="toctree toctree-level-1 toctree-length-2"><li><a href="datetime.html">DateTimeType Field</a><ul class="toctree toctree-level-2 toctree-length-4"><li><a href="datetime.html#field-options">Field Options</a></li><li><a href="datetime.html#overridden-options">Overridden Options</a></li><li><a href="datetime.html#field-variables">Field Variables</a></li><li><a href="datetime.html#url-checker-errors">Url checker errors</a></li></ul></li><li><a href="form/form_type.html">FormType Documentation</a></li></ul></div>
<div class="section">
<h2 id="reference-forms-type-date-format"><a class="headerlink" href="#reference-forms-type-date-format" title="Permalink to this headline">A header</a></h2>
<p>Some info...</p>
</div>
</div>

    </body>
</html>
