<p><a href="https://secure.php.net/manual/en/locale.getdefault.php" class="reference external" title="Locale::getDefault()" rel="external noopener noreferrer" target="_blank">getDefault()</a></p>
<p><a href="https://secure.php.net/manual/en/bcmath-number.add.php" class="reference external" title="BcMath\Number::add()" rel="external noopener noreferrer" target="_blank">add()</a></p>
