<p><a href="https://secure.php.net/manual/en/class.arrayaccess.php" class="reference external" title="ArrayAccess" rel="external noopener noreferrer" target="_blank">ArrayAccess</a></p>
<p><a href="https://secure.php.net/manual/en/class.bcmath-number.php" class="reference external" title="BcMath\Number" rel="external noopener noreferrer" target="_blank">BcMath\Number</a></p>
