<div class="admonition admonition-sidebar "><p class="sidebar-title"><span>The sidebar's title</span></p><p>some text inside sidebar</p>
</div>

<div class="admonition admonition-sidebar "><p class="sidebar-title"><span>More about the <code translate="no" class="notranslate">request()</code> Method</span></p><p>The full signature of the <code translate="no" class="notranslate">request()</code> method is...</p>
</div>
