<div class="admonition admonition-sidebar "><p class="sidebar-title"><span>The sidebar's title</span></p><p>some text before code block</p>
<div translate="no" data-loc="1" class="notranslate codeblock codeblock-length-sm codeblock-php">
    <div class="codeblock-scroll">
        <pre class="codeblock-lines">1</pre>
        <pre class="codeblock-code"><code><span class="hljs-comment">// some code</span>
</code></pre>
    </div>
</div>
<p>some text after code block</p>
</div>
