<dl>
    <dt>Sed do eiusmod</dt>
    <dd> Tempor incididunt ut labore et dolore magna aliqua. Ut enim ad minim veniam. </dd>

    <dt>Quis nostrud</dt>
    <dd> Exercitation ullamco laboris nisi ut aliquip ex ea commodo consequat. </dd>

    <dt>Duis aute irure</dt>
    <dd> Dolor in reprehenderit in voluptate velit esse. </dd>
</dl>
