<p>Lorem ipsum dolor sit amet <a href="mailto:user@example.com" class="reference internal">user@example.com</a> consectetur adipisicing elit.</p>

<p>Lorem ipsum dolor sit amet <strong><a href="mailto:user@example.com" class="reference internal">user@example.com</a></strong> consectetur adipisicing elit.</p>

<p>
    Lorem ipsum dolor
    <strong>sit amet <a href="mailto:user@example.com" class="reference internal">user@example.com</a> consectetur</strong>
    adipisicing elit.
</p>

<p>Lorem ipsum dolor sit amet <em><a href="mailto:user@example.com" class="reference internal">user@example.com</a></em> consectetur adipisicing elit.</p>

<p>
    Lorem ipsum dolor
    <em>sit amet <a href="mailto:user@example.com" class="reference internal">user@example.com</a> consectetur</em>
    adipisicing elit.
</p>
