<ul>
    <li>List <strong>item 1</strong></li>
    <li><code translate="no" class="notranslate">List</code> item 2</li>
    <li><em>List</em> item 3</li>
    <li>List item 4</li>
</ul>

<ol class="arabic">
    <li>List <strong>item 1</strong></li>
    <li><code translate="no" class="notranslate">List</code> item 2</li>
    <li><em>List</em> item 3</li>
    <li>List item 4</li>
</ol>

<dl>
    <dt><strong>Quis:</strong> <code translate="no" class="notranslate">int[]</code></dt>
    <dd>Exercitation ullamco <em>laboris nisi</em> ut aliquip ex ea commodo consequat.</dd>

    <dt><code translate="no" class="notranslate">Sed do eiusmod</code></dt>
    <dd> Tempor <code translate="no" class="notranslate">incididunt</code> ut <em>labore</em> et dolore magna aliqua. Ut enim ad minim veniam. </dd>

    <dt>Duis <em>aute irure</em></dt>
    <dd> Dolor in <strong>reprehenderit</strong> in voluptate velit esse. </dd>
</dl>
