<p><a href="https://github.com/symfony/symfony/blob/4.0/src/Symfony/Component/HttpKernel/DependencyInjection/ContainerAwareHttpKernel.php" class="reference external" title="Symfony\Component\HttpKernel\DependencyInjection\ContainerAwareHttpKernel" rel="external noopener noreferrer" target="_blank">ContainerAwareHttpKernel</a></p>
