<p><a href="https://github.com/symfony/symfony/blob/4.0/src/Symfony/Component/HttpFoundation/RequestStack.php#method_getCurrentRequest" class="reference external" title="Symfony\Component\HttpFoundation\RequestStack::getCurrentRequest()" rel="external noopener noreferrer" target="_blank">getCurrentRequest()</a></p>
