<p><a href="https://github.com/symfony/symfony/blob/4.0/src/Symfony/Component/HttpFoundation" class="reference external" title="Symfony\Component\HttpFoundation" rel="external noopener noreferrer" target="_blank">HttpFoundation</a></p>
