<p><a href="https://secure.php.net/manual/en/locale.getdefault.php" class="reference external" title="Locale::getDefault()" rel="external noopener noreferrer" target="_blank">Locale::getDefault()</a></p>
