<p>Next, create the template used to render the field in the <code translate="no" class="notranslate">index</code> and <code translate="no" class="notranslate">detail</code>
<a href="https://symfony.com/doc/current/bundles/EasyAdminBundle/crud.html" class="reference internal">CRUD pages</a>.</p>
<p>More about CRUD pages.</p>
